// Jest Snapshot v1, https://goo.gl/fbAQLP

exports[`The Waist to height result chart component Renders with the expected content 1`] = `
<div>
  <div
    aria-hidden="true"
    class="nhsuk-whtr-graph nhsuk-u-margin-bottom-9 "
  >
    <div
      class="nhsuk-whtr-start-axis-marker"
      style="left: 0%;"
    >
      <div
        class="nhsuk-font-size-16 nhsuk-u-secondary-text-color nhsuk-whtr-axis-start-marker-label"
      >
        0.4
      </div>
    </div>
    <div
      class="nhsuk-whtr-axis-marker"
      style="left: 38%;"
    >
      <div
        class="nhsuk-font-size-16 nhsuk-u-secondary-text-color nhsuk-whtr-axis-marker-label"
      >
        0.5
      </div>
    </div>
    <div
      class="nhsuk-whtr-axis-marker"
      style="left: 76%;"
    >
      <div
        class="nhsuk-font-size-16 nhsuk-u-secondary-text-color nhsuk-whtr-axis-marker-label"
      >
        0.6
      </div>
    </div>
    <div>
      <div
        class="nhsuk-whtr-chart-arrow-marker"
        style="left: 95.2%;"
      >
        <div
          class="nhsuk-whtr-chart-label-marker"
        >
          <div
            class="nhsuk-font-size-16 nhsuk-whtr-chart-label-align-right"
          >
            The ratio:
            <span
              class="nhsuk-whtr-chart-ratio-marker"
            >
              0.64
            </span>
          </div>
        </div>
        <svg
          fill="none"
          viewBox="0 0 12 12"
          xmlns="http://www.w3.org/2000/svg"
        >
          <path
            d="M6 9L0.803849 -9.78799e-07L11.1962 -7.02746e-08L6 9Z"
            fill="black"
          />
        </svg>
      </div>
      <div
        class="nhsuk-whtr-chart-axis-marker"
        style="left: 95.2%;"
      />
    </div>
    <div
      class="nhsuk-whtr-classification-low"
      style="width: 38%;"
    />
    <div
      class="nhsuk-whtr-classification-increased"
      style="width: 76%;"
    />
    <div
      class="nhsuk-whtr-classification-high"
      style="width: 100%;"
    />
  </div>
</div>
`;
